function template(locals) {
var buf = [];
var jade_mixins = {};
var locals_ = (locals || {}),foo = locals_.foo;
buf.push("<p>imma firin mah lazer!</p><p>" + (jade.escape(null == (jade.interp = foo) ? "" : jade.interp)) + "</p>");;return buf.join("");
}